[homecarpetservice.com/index.html]
[backblue.gif]
[fade.gif]
[index.html]
[homecarpetservice.com/manifest.webmanifest]
[img1.wsimg.com/blobby/go/gpub/2a4f73fcd74c5421/script.js]
[img1.wsimg.com/poly/v2/polyfill.min6efa.js]
[img1.wsimg.com/blobby/go/88d4a527-3c1e-49b3-b6aa-a5a7bd3e24f0/gpub/8396e10278a51439/styles.css]
[homecarpetservice.com/sw.js]
[img1.wsimg.com/blobby/go/88d4a527-3c1e-49b3-b6aa-a5a7bd3e24f0/gpub/8ddad17cb758a5b3/styles.css]
[img1.wsimg.com/blobby/go/88d4a527-3c1e-49b3-b6aa-a5a7bd3e24f0/gpub/e799df7db8d175d2/styles.css]
[img1.wsimg.com/blobby/go/88d4a527-3c1e-49b3-b6aa-a5a7bd3e24f0/gpub/a07bb493b5ae47c4/styles.css]
[img1.wsimg.com/blobby/go/88d4a527-3c1e-49b3-b6aa-a5a7bd3e24f0/gpub/b65e40bb42b43adb/styles.css]
[img1.wsimg.com/blobby/go/gpub/687bdb982ec0631e/script.js]
[img1.wsimg.com/blobby/go/gpub/48f50bb7729dd52/script.js]
[img1.wsimg.com/blobby/go/88d4a527-3c1e-49b3-b6aa-a5a7bd3e24f0/gpub/994cc21c089d157f/script.js]
[img1.wsimg.com/blobby/go/gpub/fb5b28d4a084ab4e/script.js]
[img1.wsimg.com/blobby/go/gpub/2b566a756501bcb7/script.js]
[img1.wsimg.com/blobby/go/88d4a527-3c1e-49b3-b6aa-a5a7bd3e24f0/gpub/7577397050aaadb/script.js]
[img1.wsimg.com/blobby/go/gpub/ef39d1d2e187d19/script.js]
[img1.wsimg.com/blobby/go/88d4a527-3c1e-49b3-b6aa-a5a7bd3e24f0/gpub/4c589deb7303f8ce/script.js]
[homecarpetservice.com/index.html]
[img1.wsimg.com/blobby/go/88d4a527-3c1e-49b3-b6aa-a5a7bd3e24f0/gpub/8396e10278a51439/styles.css]
[img1.wsimg.com/blobby/go/88d4a527-3c1e-49b3-b6aa-a5a7bd3e24f0/gpub/8ddad17cb758a5b3/styles.css]
[img1.wsimg.com/blobby/go/88d4a527-3c1e-49b3-b6aa-a5a7bd3e24f0/gpub/e799df7db8d175d2/styles.css]
[img1.wsimg.com/blobby/go/88d4a527-3c1e-49b3-b6aa-a5a7bd3e24f0/gpub/a07bb493b5ae47c4/styles.css]
[img1.wsimg.com/blobby/go/88d4a527-3c1e-49b3-b6aa-a5a7bd3e24f0/gpub/b65e40bb42b43adb/styles.css]
[img1.wsimg.com/tcc/tcc_l.combined.1.0.6.min.js]
[img1.wsimg.com/blobby/go/gpub/f7ea43564bae1107/script.js]
[img1.wsimg.com/ceph-p3-01/website-builder-data-prod/static/widgets/UX.3.57.29.js]
[img1.wsimg.com/tcc/tcc_l.combined.1.0.6.min.js]
